test tablespace               ... ok
parallel group (20 tests):  pg_lsn money oid float4 name int2 int4 boolean regproc uuid text varchar char txid int8 float8 bit enum rangetypes numeric
     boolean                  ... ok
     char                     ... ok
     name                     ... ok
     varchar                  ... ok
     text                     ... ok
     int2                     ... ok
     int4                     ... ok
     int8                     ... ok
     oid                      ... ok
     float4                   ... ok
     float8                   ... ok
     bit                      ... ok
     numeric                  ... ok
     txid                     ... ok
     uuid                     ... ok
     enum                     ... ok
     money                    ... ok
     rangetypes               ... FAILED
     pg_lsn                   ... ok
     regproc                  ... ok
test strings                  ... ok
test numerology               ... ok
parallel group (20 tests):  macaddr8 lseg tstypes abstime timetz time circle polygon reltime path tinterval line macaddr inet point date interval box timestamp timestamptz
     point                    ... FAILED
     lseg                     ... ok
     line                     ... ok
     box                      ... ok
     path                     ... ok
     polygon                  ... ok
     circle                   ... ok
     date                     ... ok
     time                     ... ok
     timetz                   ... ok
     timestamp                ... ok
     timestamptz              ... ok
     interval                 ... ok
     abstime                  ... ok
     reltime                  ... ok
     tinterval                ... ok
     inet                     ... FAILED
     macaddr                  ... ok
     macaddr8                 ... ok
     tstypes                  ... ok
parallel group (9 tests):  expressions comments geometry misc_sanity horology type_sanity oidjoins regex opr_sanity
     geometry                 ... ok
     horology                 ... ok
     regex                    ... ok
     oidjoins                 ... ok
     type_sanity              ... ok
     opr_sanity               ... FAILED
     misc_sanity              ... ok
     comments                 ... ok
     expressions              ... ok
test insert                   ... ok
test insert_conflict          ... FAILED
test create_function_1        ... ok
test create_type              ... ok
test create_table             ... ok
test create_function_2        ... ok
parallel group (3 tests):  copyselect copydml copy
     copy                     ... ok
     copyselect               ... ok
     copydml                  ... ok
parallel group (2 tests):  create_operator create_misc
     create_misc              ... ok
     create_operator          ... ok
parallel group (2 tests):  create_view create_index
     create_index             ... FAILED
     create_view              ... ok
parallel group (15 tests):  create_am hash_func roleattributes typed_table create_cast create_aggregate create_function_3 drop_if_exists rolenames vacuum constraints create_table_like updatable_views inherit triggers
     create_aggregate         ... ok
     create_function_3        ... ok
     create_cast              ... ok
     constraints              ... FAILED
     triggers                 ... ok
     inherit                  ... FAILED
     create_table_like        ... ok
     typed_table              ... ok
     vacuum                   ... ok
     drop_if_exists           ... ok
     updatable_views          ... ok
     rolenames                ... ok
     roleattributes           ... ok
     create_am                ... FAILED
     hash_func                ... ok
test sanity_check             ... FAILED
test errors                   ... ok
test select                   ... ok
parallel group (20 tests):  btree_index random select_distinct_on delete namespace select_having prepared_xacts select_distinct select_implicit case update select_into transactions portals union subselect arrays aggregates hash_index join
     select_into              ... ok
     select_distinct          ... ok
     select_distinct_on       ... ok
     select_implicit          ... ok
     select_having            ... ok
     subselect                ... ok
     union                    ... ok
     case                     ... ok
     join                     ... ok
     aggregates               ... ok
     transactions             ... ok
     random                   ... ok
     portals                  ... ok
     arrays                   ... ok
     btree_index              ... ok
     hash_index               ... ok
     update                   ... ok
     namespace                ... ok
     prepared_xacts           ... ok
     delete                   ... ok
parallel group (17 tests):  security_label init_privs lock drop_operator groupingsets tablesample replica_identity object_address password collate gist matview privileges gin rowsecurity brin spgist
     brin                     ... ok
     gin                      ... ok
     gist                     ... FAILED
     spgist                   ... ok
     privileges               ... ok
     init_privs               ... ok
     security_label           ... ok
     collate                  ... ok
     matview                  ... ok
     lock                     ... ok
     replica_identity         ... ok
     rowsecurity              ... ok
     object_address           ... ok
     tablesample              ... ok
     groupingsets             ... ok
     drop_operator            ... ok
     password                 ... ok
parallel group (11 tests):  async tidscan dbsize misc_functions tsrf alter_operator psql sysviews alter_generic misc stats_ext
     alter_generic            ... FAILED
     alter_operator           ... ok
     misc                     ... ok
     psql                     ... ok
     async                    ... ok
     dbsize                   ... ok
     misc_functions           ... ok
     sysviews                 ... ok
     tsrf                     ... ok
     tidscan                  ... ok
     stats_ext                ... ok
parallel group (3 tests):  amutils psql_crosstab rules
     rules                    ... ok
     psql_crosstab            ... ok
     amutils                  ... FAILED
test select_parallel          ... ok
test write_parallel           ... ok
parallel group (2 tests):  subscription publication
     publication              ... ok
     subscription             ... ok
parallel group (20 tests):  advisory_lock portals_p2 xmlmap combocid tsdicts guc json_encoding dependency equivclass functional_deps json select_views tsearch window jsonb cluster foreign_key bitmapops indirect_toast foreign_data
     select_views             ... ok
     portals_p2               ... ok
     foreign_key              ... ok
     cluster                  ... ok
     dependency               ... ok
     guc                      ... ok
     bitmapops                ... ok
     combocid                 ... ok
     tsearch                  ... FAILED
     tsdicts                  ... ok
     foreign_data             ... ok
     window                   ... ok
     xmlmap                   ... ok
     functional_deps          ... ok
     advisory_lock            ... ok
     json                     ... ok
     jsonb                    ... ok
     json_encoding            ... ok
     indirect_toast           ... ok
     equivclass               ... ok
parallel group (19 tests):  conversion prepare xml temp limit returning plancache without_oid copy2 polymorphism rowtypes truncate with sequence rangefuncs domain largeobject alter_table plpgsql
     plancache                ... ok
     limit                    ... ok
     plpgsql                  ... ok
     copy2                    ... ok
     temp                     ... ok
     domain                   ... ok
     rangefuncs               ... ok
     prepare                  ... ok
     without_oid              ... ok
     conversion               ... ok
     truncate                 ... ok
     alter_table              ... ok
     sequence                 ... ok
     polymorphism             ... ok
     rowtypes                 ... ok
     returning                ... ok
     largeobject              ... ok
     with                     ... ok
     xml                      ... ok
parallel group (3 tests):  reloptions identity partition_join
     identity                 ... ok
     partition_join           ... ok
     reloptions               ... ok
test event_trigger            ... ok
test stats                    ... ok
